\BOOKMARK [1][-]{section.1}{\376\377\000O\000b\000j\000e\000t\000i\000v\000o\000\040\000d\000e\000l\000\040\000C\000a\000s\000o\000\040\000P\000r\000\341\000c\000t\000i\000c\000o}{}% 1
\BOOKMARK [2][-]{subsection.1.1}{\376\377\000C\000\363\000m\000o\000\040\000l\000e\000e\000r\000\040\000e\000s\000t\000e\000\040\000d\000o\000c\000u\000m\000e\000n\000t\000o}{section.1}% 2
\BOOKMARK [2][-]{subsection.1.2}{\376\377\000A\000l\000c\000a\000n\000c\000e\000\040\000d\000e\000l\000\040\000p\000r\000o\000y\000e\000c\000t\000o}{section.1}% 3
\BOOKMARK [1][-]{section.2}{\376\377\000A\000r\000q\000u\000i\000t\000e\000c\000t\000u\000r\000a\000\040\000G\000e\000n\000e\000r\000a\000l}{}% 4
\BOOKMARK [2][-]{subsection.2.1}{\376\377\000P\000i\000l\000a\000\040\000t\000e\000c\000n\000o\000l\000\363\000g\000i\000c\000a}{section.2}% 5
\BOOKMARK [2][-]{subsection.2.2}{\376\377\000E\000s\000t\000r\000u\000c\000t\000u\000r\000a\000\040\000d\000e\000\040\000c\000a\000r\000p\000e\000t\000a\000s\000\040\000r\000e\000l\000e\000v\000a\000n\000t\000e}{section.2}% 6
\BOOKMARK [2][-]{subsection.2.3}{\376\377\000P\000r\000e\000f\000i\000j\000o\000\040\000y\000\040\000v\000e\000r\000s\000i\000o\000n\000a\000d\000o\000\040\000d\000e\000\040\000l\000a\000\040\000A\000P\000I}{section.2}% 7
\BOOKMARK [2][-]{subsection.2.4}{\376\377\000F\000l\000u\000j\000o\000\040\000c\000o\000m\000p\000l\000e\000t\000o\000\040\000d\000e\000\040\000u\000n\000a\000\040\000p\000e\000t\000i\000c\000i\000\363\000n\000\040\000p\000r\000o\000t\000e\000g\000i\000d\000a}{section.2}% 8
\BOOKMARK [2][-]{subsection.2.5}{\376\377\000P\000r\000i\000n\000c\000i\000p\000i\000o\000\040\000d\000e\000\040\000a\000r\000q\000u\000i\000t\000e\000c\000t\000u\000r\000a\000\040\000d\000e\000s\000a\000c\000o\000p\000l\000a\000d\000a}{section.2}% 9
\BOOKMARK [1][-]{section.3}{\376\377\000R\000e\000q\000u\000e\000r\000i\000m\000i\000e\000n\000t\000o\000s\000\040\000F\000u\000n\000c\000i\000o\000n\000a\000l\000e\000s}{}% 10
\BOOKMARK [2][-]{subsection.3.1}{\376\377\0001\000.\000\040\000G\000e\000s\000t\000i\000\363\000n\000\040\000d\000e\000\040\000U\000s\000u\000a\000r\000i\000o\000s}{section.3}% 11
\BOOKMARK [3][-]{subsubsection.3.1.1}{\376\377\000R\000e\000g\000i\000s\000t\000r\000o\000\040\000d\000e\000\040\000u\000s\000u\000a\000r\000i\000o\000s}{subsection.3.1}% 12
\BOOKMARK [3][-]{subsubsection.3.1.2}{\376\377\000I\000n\000i\000c\000i\000o\000\040\000d\000e\000\040\000s\000e\000s\000i\000\363\000n\000\040\000y\000\040\000e\000m\000i\000s\000i\000\363\000n\000\040\000d\000e\000l\000\040\000J\000W\000T}{subsection.3.1}% 13
\BOOKMARK [3][-]{subsubsection.3.1.3}{\376\377\000E\000s\000t\000r\000u\000c\000t\000u\000r\000a\000\040\000d\000e\000\040\000u\000n\000\040\000J\000W\000T}{subsection.3.1}% 14
\BOOKMARK [3][-]{subsubsection.3.1.4}{\376\377\000C\000i\000e\000r\000r\000e\000\040\000d\000e\000\040\000s\000e\000s\000i\000\363\000n}{subsection.3.1}% 15
\BOOKMARK [3][-]{subsubsection.3.1.5}{\376\377\000R\000e\000c\000u\000p\000e\000r\000a\000c\000i\000\363\000n\000\040\000d\000e\000\040\000c\000o\000n\000t\000r\000a\000s\000e\000\361\000a}{subsection.3.1}% 16
\BOOKMARK [2][-]{subsection.3.2}{\376\377\0002\000.\000\040\000G\000e\000s\000t\000i\000\363\000n\000\040\000d\000e\000\040\000R\000o\000l\000e\000s}{section.3}% 17
\BOOKMARK [3][-]{subsubsection.3.2.1}{\376\377\000E\000l\000\040\000s\000e\000e\000d\000e\000r\000\040\000p\000a\000s\000o\000\040\000a\000\040\000p\000a\000s\000o}{subsection.3.2}% 18
\BOOKMARK [3][-]{subsubsection.3.2.2}{\376\377\000M\000a\000t\000r\000i\000z\000\040\000d\000e\000\040\000r\000o\000l\000e\000s\000\040\000y\000\040\000p\000e\000r\000m\000i\000s\000o\000s}{subsection.3.2}% 19
\BOOKMARK [3][-]{subsubsection.3.2.3}{\376\377\000U\000s\000u\000a\000r\000i\000o\000s\000\040\000d\000e\000\040\000d\000e\000m\000o\000s\000t\000r\000a\000c\000i\000\363\000n}{subsection.3.2}% 20
\BOOKMARK [3][-]{subsubsection.3.2.4}{\376\377\000C\000\363\000m\000o\000\040\000s\000e\000\040\000v\000i\000n\000c\000u\000l\000a\000\040\000u\000n\000\040\000u\000s\000u\000a\000r\000i\000o\000\040\000c\000o\000n\000\040\000u\000n\000\040\000r\000o\000l}{subsection.3.2}% 21
\BOOKMARK [2][-]{subsection.3.3}{\376\377\0003\000.\000\040\000G\000e\000s\000t\000i\000\363\000n\000\040\000d\000e\000\040\000P\000e\000r\000m\000i\000s\000o\000s}{section.3}% 22
\BOOKMARK [3][-]{subsubsection.3.3.1}{\376\377\000M\000o\000d\000e\000l\000o\000\040\000d\000e\000\040\000d\000a\000t\000o\000s\000\040\000d\000e\000\040\000S\000p\000a\000t\000i\000e}{subsection.3.3}% 23
\BOOKMARK [3][-]{subsubsection.3.3.2}{\376\377\000C\000r\000e\000a\000c\000i\000\363\000n\000\040\000d\000i\000n\000\341\000m\000i\000c\000a\000\040\000d\000e\000\040\000r\000o\000l\000e\000s}{subsection.3.3}% 24
\BOOKMARK [2][-]{subsection.3.4}{\376\377\0004\000.\000\040\000C\000o\000n\000t\000r\000o\000l\000\040\000d\000e\000\040\000A\000c\000c\000e\000s\000o\000\040\000y\000\040\000A\000u\000d\000i\000t\000o\000r\000\355\000a}{section.3}% 25
\BOOKMARK [3][-]{subsubsection.3.4.1}{\376\377\000E\000l\000\040\000m\000i\000d\000d\000l\000e\000w\000a\000r\000e\000\040\000d\000e\000\040\000r\000o\000l\000e\000s}{subsection.3.4}% 26
\BOOKMARK [3][-]{subsubsection.3.4.2}{\376\377\000D\000\363\000n\000d\000e\000\040\000s\000e\000\040\000a\000p\000l\000i\000c\000a}{subsection.3.4}% 27
\BOOKMARK [3][-]{subsubsection.3.4.3}{\376\377\000P\000r\000u\000e\000b\000a\000\040\000d\000e\000l\000\040\000c\000o\000n\000t\000r\000o\000l\000\040\000d\000e\000\040\000a\000c\000c\000e\000s\000o}{subsection.3.4}% 28
\BOOKMARK [3][-]{subsubsection.3.4.4}{\376\377\000L\000a\000\040\000b\000i\000t\000\341\000c\000o\000r\000a\000\040\000d\000e\000\040\000a\000u\000d\000i\000t\000o\000r\000\355\000a}{subsection.3.4}% 29
\BOOKMARK [2][-]{subsection.3.5}{\376\377\0005\000.\000\040\000D\000a\000s\000h\000b\000o\000a\000r\000d\000\040\000d\000e\000\040\000A\000d\000m\000i\000n\000i\000s\000t\000r\000a\000c\000i\000\363\000n}{section.3}% 30
\BOOKMARK [3][-]{subsubsection.3.5.1}{\376\377\000T\000a\000b\000l\000a\000\040\000r\000e\000s\000u\000m\000e\000n\000\040\000d\000e\000\040\000e\000n\000d\000p\000o\000i\000n\000t\000s\000\040\000d\000e\000\040\000a\000d\000m\000i\000n\000i\000s\000t\000r\000a\000c\000i\000\363\000n}{subsection.3.5}% 31
\BOOKMARK [3][-]{subsubsection.3.5.2}{\376\377\000D\000e\000t\000a\000l\000l\000e\000s\000\040\000d\000e\000\040\000i\000m\000p\000l\000e\000m\000e\000n\000t\000a\000c\000i\000\363\000n\000\040\000d\000e\000s\000t\000a\000c\000a\000b\000l\000e\000s}{subsection.3.5}% 32
\BOOKMARK [2][-]{subsection.3.6}{\376\377\0006\000.\000\040\000A\000r\000q\000u\000i\000t\000e\000c\000t\000u\000r\000a\000\040\000W\000e\000b\000\040\000y\000\040\000C\000o\000n\000s\000u\000m\000o\000\040\000d\000e\000\040\000S\000e\000r\000v\000i\000c\000i\000o\000s}{section.3}% 33
\BOOKMARK [1][-]{section.4}{\376\377\000R\000e\000q\000u\000e\000r\000i\000m\000i\000e\000n\000t\000o\000s\000\040\000T\000\351\000c\000n\000i\000c\000o\000s}{}% 34
\BOOKMARK [2][-]{subsection.4.1}{\376\377\000L\000e\000n\000g\000u\000a\000j\000e\000,\000\040\000f\000r\000a\000m\000e\000w\000o\000r\000k\000\040\000y\000\040\000b\000a\000s\000e\000\040\000d\000e\000\040\000d\000a\000t\000o\000s}{section.4}% 35
\BOOKMARK [3][-]{subsubsection.4.1.1}{\376\377\000C\000o\000n\000f\000i\000g\000u\000r\000a\000c\000i\000\363\000n\000\040\000d\000e\000\040\000l\000a\000\040\000b\000a\000s\000e\000\040\000d\000e\000\040\000d\000a\000t\000o\000s}{subsection.4.1}% 36
\BOOKMARK [3][-]{subsubsection.4.1.2}{\376\377\000M\000i\000g\000r\000a\000c\000i\000o\000n\000e\000s}{subsection.4.1}% 37
\BOOKMARK [3][-]{subsubsection.4.1.3}{\376\377\000A\000c\000c\000e\000s\000o\000\040\000a\000\040\000d\000a\000t\000o\000s\000\040\000y\000\040\000p\000r\000o\000t\000e\000c\000c\000i\000\363\000n\000\040\000c\000o\000n\000t\000r\000a\000\040\000i\000n\000y\000e\000c\000c\000i\000\363\000n\000\040\000S\000Q\000L}{subsection.4.1}% 38
\BOOKMARK [2][-]{subsection.4.2}{\376\377\000F\000r\000o\000n\000t\000e\000n\000d\000\040\000w\000e\000b}{section.4}% 39
\BOOKMARK [2][-]{subsection.4.3}{\376\377\000A\000P\000I\000\040\000R\000E\000S\000T\000\040\000p\000l\000e\000n\000a}{section.4}% 40
\BOOKMARK [3][-]{subsubsection.4.3.1}{\376\377\000V\000e\000r\000b\000o\000s\000\040\000H\000T\000T\000P\000\040\000y\000\040\000s\000u\000\040\000s\000e\000m\000\341\000n\000t\000i\000c\000a}{subsection.4.3}% 41
\BOOKMARK [3][-]{subsubsection.4.3.2}{\376\377\000C\000a\000t\000\341\000l\000o\000g\000o\000\040\000c\000o\000m\000p\000l\000e\000t\000o\000\040\000d\000e\000\040\000e\000n\000d\000p\000o\000i\000n\000t\000s}{subsection.4.3}% 42
\BOOKMARK [3][-]{subsubsection.4.3.3}{\376\377\000R\000e\000s\000p\000u\000e\000s\000t\000a\000s\000\040\000s\000i\000e\000m\000p\000r\000e\000\040\000e\000n\000\040\000J\000S\000O\000N}{subsection.4.3}% 43
\BOOKMARK [3][-]{subsubsection.4.3.4}{\376\377\000C\000\363\000d\000i\000g\000o\000s\000\040\000d\000e\000\040\000e\000s\000t\000a\000d\000o\000\040\000u\000s\000a\000d\000o\000s}{subsection.4.3}% 44
\BOOKMARK [2][-]{subsection.4.4}{\376\377\000A\000u\000t\000e\000n\000t\000i\000c\000a\000c\000i\000\363\000n\000\040\000J\000W\000T\000\040\000c\000o\000n\000\040\000L\000a\000r\000a\000v\000e\000l\000\040\000P\000a\000s\000s\000p\000o\000r\000t}{section.4}% 45
\BOOKMARK [3][-]{subsubsection.4.4.1}{\376\377\000P\000o\000r\000\040\000q\000u\000\351\000\040\000P\000a\000s\000s\000p\000o\000r\000t}{subsection.4.4}% 46
\BOOKMARK [3][-]{subsubsection.4.4.2}{\376\377\000C\000o\000n\000f\000i\000g\000u\000r\000a\000c\000i\000\363\000n\000\040\000d\000e\000l\000\040\000g\000u\000a\000r\000d}{subsection.4.4}% 47
\BOOKMARK [3][-]{subsubsection.4.4.3}{\376\377\000C\000l\000a\000v\000e\000s\000\040\000R\000S\000A}{subsection.4.4}% 48
\BOOKMARK [3][-]{subsubsection.4.4.4}{\376\377\000T\000a\000b\000l\000a\000s\000\040\000d\000e\000\040\000P\000a\000s\000s\000p\000o\000r\000t}{subsection.4.4}% 49
\BOOKMARK [3][-]{subsubsection.4.4.5}{\376\377\000C\000i\000c\000l\000o\000\040\000d\000e\000\040\000v\000i\000d\000a\000\040\000d\000e\000\040\000u\000n\000\040\000t\000o\000k\000e\000n}{subsection.4.4}% 50
\BOOKMARK [3][-]{subsubsection.4.4.6}{\376\377\000C\000\363\000m\000o\000\040\000s\000e\000\040\000v\000a\000l\000i\000d\000a\000\040\000c\000a\000d\000a\000\040\000p\000e\000t\000i\000c\000i\000\363\000n}{subsection.4.4}% 51
\BOOKMARK [1][-]{section.5}{\376\377\000R\000e\000q\000u\000e\000r\000i\000m\000i\000e\000n\000t\000o\000s\000\040\000d\000e\000\040\000S\000e\000g\000u\000r\000i\000d\000a\000d\000\040\000C\000o\000m\000p\000u\000t\000a\000c\000i\000o\000n\000a\000l}{}% 52
\BOOKMARK [2][-]{subsection.5.1}{\376\377\0001\000.\000\040\000C\000i\000f\000r\000a\000d\000o\000\040\000d\000e\000\040\000c\000o\000n\000t\000r\000a\000s\000e\000\361\000a\000s}{section.5}% 53
\BOOKMARK [3][-]{subsubsection.5.1.1}{\376\377\000D\000\363\000n\000d\000e\000\040\000s\000e\000\040\000a\000p\000l\000i\000c\000a}{subsection.5.1}% 54
\BOOKMARK [3][-]{subsubsection.5.1.2}{\376\377\000C\000\363\000m\000o\000\040\000f\000u\000n\000c\000i\000o\000n\000a\000\040\000B\000c\000r\000y\000p\000t}{subsection.5.1}% 55
\BOOKMARK [3][-]{subsubsection.5.1.3}{\376\377\000V\000e\000r\000i\000f\000i\000c\000a\000c\000i\000\363\000n}{subsection.5.1}% 56
\BOOKMARK [2][-]{subsection.5.2}{\376\377\0002\000.\000\040\000C\000o\000m\000u\000n\000i\000c\000a\000c\000i\000\363\000n\000\040\000C\000i\000f\000r\000a\000d\000a\000\040\000\050\000H\000T\000T\000P\000S\000/\000T\000L\000S\000\051}{section.5}% 57
\BOOKMARK [3][-]{subsubsection.5.2.1}{\376\377\000P\000o\000r\000\040\000q\000u\000\351\000\040\000e\000s\000\040\000i\000n\000d\000i\000s\000p\000e\000n\000s\000a\000b\000l\000e}{subsection.5.2}% 58
\BOOKMARK [3][-]{subsubsection.5.2.2}{\376\377\000C\000\363\000m\000o\000\040\000s\000e\000\040\000i\000m\000p\000l\000e\000m\000e\000n\000t\000a\000\040\000e\000n\000\040\000p\000r\000o\000d\000u\000c\000c\000i\000\363\000n}{subsection.5.2}% 59
\BOOKMARK [2][-]{subsection.5.3}{\376\377\0003\000.\000\040\000G\000e\000s\000t\000i\000\363\000n\000\040\000s\000e\000g\000u\000r\000a\000\040\000d\000e\000\040\000t\000o\000k\000e\000n\000s\000\040\000J\000W\000T}{section.5}% 60
\BOOKMARK [3][-]{subsubsection.5.3.1}{\376\377\000E\000x\000p\000i\000r\000a\000c\000i\000\363\000n}{subsection.5.3}% 61
\BOOKMARK [3][-]{subsubsection.5.3.2}{\376\377\000F\000i\000r\000m\000a\000\040\000y\000\040\000p\000e\000r\000m\000i\000s\000o\000s\000\040\000d\000e\000\040\000l\000a\000s\000\040\000c\000l\000a\000v\000e\000s}{subsection.5.3}% 62
\BOOKMARK [3][-]{subsubsection.5.3.3}{\376\377\000R\000e\000v\000o\000c\000a\000c\000i\000\363\000n}{subsection.5.3}% 63
\BOOKMARK [3][-]{subsubsection.5.3.4}{\376\377\000A\000l\000m\000a\000c\000e\000n\000a\000m\000i\000e\000n\000t\000o\000\040\000d\000e\000l\000\040\000t\000o\000k\000e\000n\000\040\000e\000n\000\040\000e\000l\000\040\000c\000l\000i\000e\000n\000t\000e}{subsection.5.3}% 64
\BOOKMARK [2][-]{subsection.5.4}{\376\377\0004\000.\000\040\000A\000u\000t\000o\000r\000i\000z\000a\000c\000i\000\363\000n\000\040\000v\000e\000r\000i\000f\000i\000c\000a\000d\000a\000\040\000e\000n\000\040\000e\000l\000\040\000s\000e\000r\000v\000i\000d\000o\000r}{section.5}% 65
\BOOKMARK [3][-]{subsubsection.5.4.1}{\376\377\000E\000l\000\040\000p\000r\000i\000n\000c\000i\000p\000i\000o}{subsection.5.4}% 66
\BOOKMARK [3][-]{subsubsection.5.4.2}{\376\377\000I\000m\000p\000l\000e\000m\000e\000n\000t\000a\000c\000i\000\363\000n}{subsection.5.4}% 67
\BOOKMARK [3][-]{subsubsection.5.4.3}{\376\377\000P\000r\000u\000e\000b\000a\000\040\000d\000e\000\040\000q\000u\000e\000\040\000e\000l\000\040\000o\000c\000u\000l\000t\000a\000m\000i\000e\000n\000t\000o\000\040\000v\000i\000s\000u\000a\000l\000\040\000n\000o\000\040\000b\000a\000s\000t\000a}{subsection.5.4}% 68
\BOOKMARK [2][-]{subsection.5.5}{\376\377\0005\000.\000\040\000V\000a\000l\000i\000d\000a\000c\000i\000\363\000n\000\040\000y\000\040\000S\000a\000n\000i\000t\000i\000z\000a\000c\000i\000\363\000n\000\040\000d\000e\000\040\000E\000n\000t\000r\000a\000d\000a\000s}{section.5}% 69
\BOOKMARK [3][-]{subsubsection.5.5.1}{\376\377\000R\000e\000g\000l\000a\000s\000\040\000a\000p\000l\000i\000c\000a\000d\000a\000s\000\040\000p\000o\000r\000\040\000e\000n\000d\000p\000o\000i\000n\000t}{subsection.5.5}% 70
\BOOKMARK [3][-]{subsubsection.5.5.2}{\376\377\000D\000e\000f\000e\000n\000s\000a\000s\000\040\000c\000o\000m\000b\000i\000n\000a\000d\000a\000s}{subsection.5.5}% 71
\BOOKMARK [3][-]{subsubsection.5.5.3}{\376\377\000E\000j\000e\000m\000p\000l\000o\000\040\000d\000e\000\040\000r\000e\000c\000h\000a\000z\000o\000\040\000p\000o\000r\000\040\000v\000a\000l\000i\000d\000a\000c\000i\000\363\000n}{subsection.5.5}% 72
\BOOKMARK [2][-]{subsection.5.6}{\376\377\0006\000.\000\040\000P\000r\000o\000t\000e\000c\000c\000i\000\363\000n\000\040\000c\000o\000n\000t\000r\000a\000\040\000a\000t\000a\000q\000u\000e\000s\000\040\000d\000e\000\040\000f\000u\000e\000r\000z\000a\000\040\000b\000r\000u\000t\000a}{section.5}% 73
\BOOKMARK [3][-]{subsubsection.5.6.1}{\376\377\000D\000\363\000n\000d\000e\000\040\000e\000s\000t\000\341}{subsection.5.6}% 74
\BOOKMARK [3][-]{subsubsection.5.6.2}{\376\377\000C\000\363\000m\000o\000\040\000f\000u\000n\000c\000i\000o\000n\000a}{subsection.5.6}% 75
\BOOKMARK [3][-]{subsubsection.5.6.3}{\376\377\000C\000o\000m\000b\000i\000n\000a\000c\000i\000\363\000n\000\040\000c\000o\000n\000\040\000o\000t\000r\000a\000s\000\040\000d\000e\000f\000e\000n\000s\000a\000s}{subsection.5.6}% 76
\BOOKMARK [2][-]{subsection.5.7}{\376\377\0007\000.\000\040\000R\000e\000g\000i\000s\000t\000r\000o\000\040\000d\000e\000\040\000a\000u\000d\000i\000t\000o\000r\000\355\000a\000\040\000c\000o\000n\000\040\000t\000r\000a\000z\000a\000b\000i\000l\000i\000d\000a\000d}{section.5}% 77
\BOOKMARK [3][-]{subsubsection.5.7.1}{\376\377\000Q\000u\000\351\000\040\000e\000v\000e\000n\000t\000o\000s\000\040\000q\000u\000e\000d\000a\000n\000\040\000r\000e\000g\000i\000s\000t\000r\000a\000d\000o\000s}{subsection.5.7}% 78
\BOOKMARK [3][-]{subsubsection.5.7.2}{\376\377\000C\000\363\000m\000o\000\040\000c\000o\000n\000s\000u\000l\000t\000a\000r\000\040\000l\000a\000\040\000b\000i\000t\000\341\000c\000o\000r\000a}{subsection.5.7}% 79
\BOOKMARK [3][-]{subsubsection.5.7.3}{\376\377\000S\000o\000b\000r\000e\000\040\000l\000a\000\040\000i\000n\000m\000u\000t\000a\000b\000i\000l\000i\000d\000a\000d\000\040\000y\000\040\000l\000a\000\040\000c\000o\000n\000f\000i\000d\000e\000n\000c\000i\000a\000l\000i\000d\000a\000d}{subsection.5.7}% 80
\BOOKMARK [2][-]{subsection.5.8}{\376\377\0008\000.\000\040\000M\000a\000n\000e\000j\000o\000\040\000s\000e\000g\000u\000r\000o\000\040\000d\000e\000\040\000C\000O\000R\000S}{section.5}% 81
\BOOKMARK [3][-]{subsubsection.5.8.1}{\376\377\000Q\000u\000\351\000\040\000e\000s\000\040\000C\000O\000R\000S}{subsection.5.8}% 82
\BOOKMARK [3][-]{subsubsection.5.8.2}{\376\377\000C\000o\000n\000f\000i\000g\000u\000r\000a\000c\000i\000\363\000n}{subsection.5.8}% 83
\BOOKMARK [2][-]{subsection.5.9}{\376\377\0009\000.\000\040\000P\000r\000i\000n\000c\000i\000p\000i\000o\000\040\000d\000e\000\040\000M\000\355\000n\000i\000m\000o\000\040\000P\000r\000i\000v\000i\000l\000e\000g\000i\000o}{section.5}% 84
\BOOKMARK [3][-]{subsubsection.5.9.1}{\376\377\000C\000\363\000m\000o\000\040\000s\000e\000\040\000a\000p\000l\000i\000c\000a\000\040\000e\000n\000\040\000e\000l\000\040\000p\000r\000o\000y\000e\000c\000t\000o}{subsection.5.9}% 85
\BOOKMARK [3][-]{subsubsection.5.9.2}{\376\377\000C\000o\000m\000p\000a\000r\000a\000c\000i\000\363\000n\000\040\000d\000e\000\040\000c\000a\000p\000a\000c\000i\000d\000a\000d\000e\000s\000\040\000p\000o\000r\000\040\000r\000o\000l}{subsection.5.9}% 86
\BOOKMARK [2][-]{subsection.5.10}{\376\377\0001\0000\000.\000\040\000M\000a\000n\000e\000j\000o\000\040\000d\000e\000\040\000e\000r\000r\000o\000r\000e\000s\000\040\000s\000i\000n\000\040\000f\000u\000g\000a\000\040\000d\000e\000\040\000i\000n\000f\000o\000r\000m\000a\000c\000i\000\363\000n}{section.5}% 87
\BOOKMARK [3][-]{subsubsection.5.10.1}{\376\377\000P\000o\000r\000\040\000q\000u\000\351\000\040\000i\000m\000p\000o\000r\000t\000a}{subsection.5.10}% 88
\BOOKMARK [3][-]{subsubsection.5.10.2}{\376\377\000C\000o\000n\000f\000i\000g\000u\000r\000a\000c\000i\000\363\000n\000\040\000r\000e\000q\000u\000e\000r\000i\000d\000a\000\040\000e\000n\000\040\000e\000l\000\040\000a\000r\000c\000h\000i\000v\000o\000\040\000.\000e\000n\000v\000\040\000d\000e\000\040\000p\000r\000o\000d\000u\000c\000c\000i\000\363\000n}{subsection.5.10}% 89
\BOOKMARK [3][-]{subsubsection.5.10.3}{\376\377\000C\000o\000m\000p\000o\000r\000t\000a\000m\000i\000e\000n\000t\000o\000\040\000e\000s\000p\000e\000r\000a\000d\000o}{subsection.5.10}% 90
\BOOKMARK [1][-]{section.6}{\376\377\000F\000r\000o\000n\000t\000e\000n\000d\000\040\000W\000e\000b\000\040\000y\000\040\000E\000x\000p\000e\000r\000i\000e\000n\000c\000i\000a\000\040\000d\000e\000\040\000U\000s\000u\000a\000r\000i\000o}{}% 91
\BOOKMARK [2][-]{subsection.6.1}{\376\377\000D\000i\000s\000e\000\361\000o\000\040\000y\000\040\000E\000s\000t\000\351\000t\000i\000c\000a\000\040\000\050\000G\000l\000a\000s\000s\000m\000o\000r\000p\000h\000i\000s\000m\000\051}{section.6}% 92
\BOOKMARK [3][-]{subsubsection.6.1.1}{\376\377\000I\000m\000p\000l\000e\000m\000e\000n\000t\000a\000c\000i\000\363\000n\000\040\000v\000i\000s\000u\000a\000l}{subsection.6.1}% 93
\BOOKMARK [2][-]{subsection.6.2}{\376\377\000E\000s\000t\000r\000u\000c\000t\000u\000r\000a\000\040\000L\000\363\000g\000i\000c\000a\000\040\000d\000e\000l\000\040\000C\000l\000i\000e\000n\000t\000e}{section.6}% 94
\BOOKMARK [2][-]{subsection.6.3}{\376\377\000C\000o\000n\000s\000u\000m\000o\000\040\000S\000e\000g\000u\000r\000o\000\040\000d\000e\000\040\000l\000a\000\040\000A\000P\000I\000\040\000R\000E\000S\000T}{section.6}% 95
\BOOKMARK [3][-]{subsubsection.6.3.1}{\376\377\000G\000e\000s\000t\000i\000\363\000n\000\040\000d\000e\000l\000\040\000T\000o\000k\000e\000n\000\040\000e\000n\000\040\000e\000l\000\040\000c\000l\000i\000e\000n\000t\000e}{subsection.6.3}% 96
\BOOKMARK [3][-]{subsubsection.6.3.2}{\376\377\000P\000r\000e\000v\000e\000n\000c\000i\000\363\000n\000\040\000d\000e\000\040\000X\000S\000S\000\040\000e\000n\000\040\000l\000a\000\040\000c\000o\000n\000s\000t\000r\000u\000c\000c\000i\000\363\000n\000\040\000d\000e\000l\000\040\000D\000O\000M}{subsection.6.3}% 97
\BOOKMARK [2][-]{subsection.6.4}{\376\377\000M\000a\000n\000e\000j\000o\000\040\000d\000e\000\040\000E\000r\000r\000o\000r\000e\000s\000\040\000y\000\040\000R\000e\000s\000p\000u\000e\000s\000t\000a\000\040\000v\000i\000s\000u\000a\000l}{section.6}% 98
\BOOKMARK [2][-]{subsection.6.5}{\376\377\000P\000r\000u\000e\000b\000a\000s\000\040\000d\000e\000\040\000l\000a\000\040\000A\000P\000I\000\040\000v\000\355\000a\000\040\000C\000L\000I}{section.6}% 99
\BOOKMARK [1][-]{section.7}{\376\377\000A\000r\000q\000u\000i\000t\000e\000c\000t\000u\000r\000a\000\040\000S\000a\000a\000S\000\040\000M\000u\000l\000t\000i\000-\000T\000e\000n\000a\000n\000t\000\040\000y\000\040\000A\000p\000p\000\040\000M\000\363\000v\000i\000l\000\040\000K\000o\000t\000l\000i\000n}{}% 100
\BOOKMARK [2][-]{subsection.7.1}{\376\377\0001\000.\000\040\000O\000b\000j\000e\000t\000i\000v\000o\000\040\000G\000e\000n\000e\000r\000a\000l\000\040\000d\000e\000\040\000l\000a\000\040\000P\000l\000a\000t\000a\000f\000o\000r\000m\000a}{section.7}% 101
\BOOKMARK [2][-]{subsection.7.2}{\376\377\0002\000.\000\040\000J\000e\000r\000a\000r\000q\000u\000\355\000a\000\040\000d\000e\000\040\000R\000o\000l\000e\000s\000\040\000y\000\040\000M\000a\000t\000r\000i\000z\000\040\000d\000e\000\040\000C\000o\000n\000t\000r\000o\000l\000\040\000d\000e\000\040\000A\000c\000c\000e\000s\000o}{section.7}% 102
\BOOKMARK [2][-]{subsection.7.3}{\376\377\0003\000.\000\040\000M\000o\000d\000e\000l\000o\000\040\000d\000e\000\040\000D\000a\000t\000o\000s\000\040\000y\000\040\000D\000i\000a\000g\000r\000a\000m\000a\000\040\000d\000e\000\040\000T\000a\000b\000l\000a\000s\000\040\000M\000y\000S\000Q\000L}{section.7}% 103
\BOOKMARK [2][-]{subsection.7.4}{\376\377\0004\000.\000\040\000C\000o\000m\000p\000a\000r\000a\000t\000i\000v\000a\000\040\000d\000e\000\040\000T\000e\000c\000n\000o\000l\000o\000g\000\355\000a\000s\000\040\000U\000t\000i\000l\000i\000z\000a\000d\000a\000s}{section.7}% 104
\BOOKMARK [2][-]{subsection.7.5}{\376\377\0005\000.\000\040\000F\000l\000u\000j\000o\000\040\000d\000e\000\040\000I\000n\000t\000e\000g\000r\000a\000c\000i\000\363\000n\000\040\000A\000P\000I\000\040\000c\000o\000n\000\040\000A\000p\000p\000\040\000M\000\363\000v\000i\000l\000\040\000K\000o\000t\000l\000i\000n}{section.7}% 105
